root@ubuntu:~/Grema# curl -I http://localhost/assets/index-B4E_xV4-.js | grep Content-Length
  % Total    % Received % Xferd  Average Speed   Time    Time     Time  Current
                                 Dload  Upload   Total   Spent    Left  Speed
  0  741k    0     0    0     0      0      0 --:--:-- --:--:-- --:--:--     0
Content-Length: 759128
root@ubuntu:~/Grema# ^C
root@ubuntu:~/Grema# curl -I http://212.227.103.141:5000/
HTTP/1.1 200 OK
X-Powered-By: Express
Accept-Ranges: bytes
Cache-Control: public, max-age=0
Last-Modified: Tue, 12 Aug 2025 12:05:25 GMT
ETag: W/"27d-1989e2bc45c"
Content-Type: text/html; charset=UTF-8
Content-Length: 637
Date: Tue, 12 Aug 2025 12:13:58 GMT
Connection: keep-alive
Keep-Alive: timeout=5

root@ubuntu:~/Grema# docker-compose logs nginx | grep error
WARN[0000] /root/Grema/docker-compose.yml: the attribute `version` is obsolete, it will be ignored, please remove it to avoid potential confusion
root@ubuntu:~/Grema# git pull
remote: Enumerating objects: 14, done.
remote: Counting objects: 100% (14/14), done.
remote: Compressing objects: 100% (3/3), done.
remote: Total 8 (delta 5), reused 8 (delta 5), pack-reused 0 (from 0)
Unpacking objects: 100% (8/8), 1.64 KiB | 840.00 KiB/s, done.
From https://github.com/zeeeero43/Grema
   4231e5d..90a8c6c  main       -> origin/main
Updating 4231e5d..90a8c6c
Fast-forward
 client/src/App.tsx    |  2 +-
 diagnose-vps.sh       | 33 +++++++++++++++++++++++++++++++++
 fix-assets-for-vps.sh |  5 +++--
 replit.md             |  3 +++
 4 files changed, 40 insertions(+), 3 deletions(-)
 create mode 100644 diagnose-vps.sh
 mode change 100755 => 100644 fix-assets-for-vps.sh
root@ubuntu:~/Grema# chmod +x diagnose-vps.sh
root@ubuntu:~/Grema# ./diagnose-vps.sh
üîç VPS Website Diagnostics
==========================
1. Container Status:
WARN[0000] /root/Grema/docker-compose.yml: the attribute `version` is obsolete, it will be ignored, please remove it to avoid potential confusion
NAME            IMAGE                COMMAND                  SERVICE   CREATED          STATUS                     PORTS
grema-app-1     grema-app            "docker-entrypoint.s‚Ä¶"   app       10 minutes ago   Up 9 minutes (unhealthy)   0.0.0.0:5000->5000/tcp, [::]:5000->5000/tcp
grema-db-1      postgres:15-alpine   "docker-entrypoint.s‚Ä¶"   db        10 minutes ago   Up 10 minutes (healthy)    0.0.0.0:5432->5432/tcp, [::]:5432->5432/tcp
grema-nginx-1   nginx:alpine         "/docker-entrypoint.‚Ä¶"   nginx     10 minutes ago   Up 9 minutes               0.0.0.0:80->80/tcp, [::]:80->80/tcp, 0.0.0.0:443->443/tcp, [::]:443->443/tcp

2. App Logs (last 10 lines):
WARN[0000] /root/Grema/docker-compose.yml: the attribute `version` is obsolete, it will be ignored, please remove it to avoid potential confusion
app-1  |     at async BlogAutomationService.generateBlogPost (file:///app/dist/index.js:813:9)
app-1  |     at async BlogScheduler.generatePostSafely (file:///app/dist/index.js:1019:22)
app-1  | ‚ùå Blog generation failed: Error: Failed to parse topic generation response: Unterminated string in JSON at position 6662
app-1  |     at TopicGenerationService.parseTopicResponse (file:///app/dist/index.js:757:13)
app-1  |     at TopicGenerationService.generateNewTopics (file:///app/dist/index.js:664:27)
app-1  |     at process.processTicksAndRejections (node:internal/process/task_queues:95:5)
app-1  |     at async TopicGenerationService.ensureTopicAvailability (file:///app/dist/index.js:768:25)
app-1  |     at async BlogAutomationService.generateBlogPost (file:///app/dist/index.js:813:9)
app-1  |     at async BlogScheduler.generatePostSafely (file:///app/dist/index.js:1019:22)
app-1  | ‚ùå Scheduled generation failed: Failed to parse topic generation response: Unterminated string in JSON at position 6662

3. Nginx Logs (last 5 lines):
WARN[0000] /root/Grema/docker-compose.yml: the attribute `version` is obsolete, it will be ignored, please remove it to avoid potential confusion
nginx-1  | 94.31.69.45 - - [12/Aug/2025:12:13:40 +0000] "GET /favicon.ico HTTP/1.1" 200 637 "http://212.227.103.141/" "Mozilla/5.0 (iPhone; CPU iPhone OS 16_6 like Mac OS X) AppleWebKit/605.1.15 (KHTML, like Gecko) Version/16.6 Mobile/15E148 Safari/604.1"
nginx-1  | 94.31.69.45 - - [12/Aug/2025:12:13:41 +0000] "GET / HTTP/1.1" 200 637 "-" "Mozilla/5.0 (iPhone; CPU iPhone OS 16_6 like Mac OS X) AppleWebKit/605.1.15 (KHTML, like Gecko) Version/16.6 Mobile/15E148 Safari/604.1"
nginx-1  | 94.31.69.45 - - [12/Aug/2025:12:13:41 +0000] "GET /Grema/assets/index-B4E_xV4-.js HTTP/1.1" 200 637 "http://212.227.103.141/" "Mozilla/5.0 (iPhone; CPU iPhone OS 16_6 like Mac OS X) AppleWebKit/605.1.15 (KHTML, like Gecko) Version/16.6 Mobile/15E148 Safari/604.1"
nginx-1  | 94.31.69.45 - - [12/Aug/2025:12:13:41 +0000] "GET /Grema/assets/index-CdFCd3Jz.css HTTP/1.1" 200 637 "http://212.227.103.141/" "Mozilla/5.0 (iPhone; CPU iPhone OS 16_6 like Mac OS X) AppleWebKit/605.1.15 (KHTML, like Gecko) Version/16.6 Mobile/15E148 Safari/604.1"
nginx-1  | 94.31.69.45 - - [12/Aug/2025:12:13:41 +0000] "GET /favicon.ico HTTP/1.1" 200 637 "http://212.227.103.141/" "Mozilla/5.0 (iPhone; CPU iPhone OS 16_6 like Mac OS X) AppleWebKit/605.1.15 (KHTML, like Gecko) Version/16.6 Mobile/15E148 Safari/604.1"

4. Testing Homepage HTML:
<!DOCTYPE html>
<html lang="en">
  <head>
    <meta charset="UTF-8" />
    <meta name="viewport" content="width=device-width, initial-scale=1.0, maximum-scale=1" />
    <script type="module" crossorigin src="/Grema/assets/index-B4E_xV4-.js"></script>
    <link rel="stylesheet" crossorigin href="/Grema/assets/index-CdFCd3Jz.css">
  </head>
  <body>
    <div id="root"></div>
    <!-- This is a replit script which adds a banner on the top of the page when opened in development mode outside the replit environment -->
    <script type="text/javascript" src="https://replit.com/public/js/replit-dev-banner.js"></script>
  </body>
</html>
5. Testing JavaScript Asset:
 bytesript Size: 759128

6. Testing CSS Asset:
 bytesze: 86642

7. App Health Check:
<!DOCTYPE html>
<html lang="en">
  <head>
    <meta charset="UTF-8" />
    <meta name="viewport" content="width=device-width, initial-scale=1.0, maximum-scale=1" />

8. Port Check:
./diagnose-vps.sh: line 30: netstat: command not found

==========================
üìä Diagnosis Complete
root@ubuntu:~/Grema# docker-compose down
WARN[0000] /root/Grema/docker-compose.yml: the attribute `version` is obsolete, it will be ignored, please remove it to avoid potential confusion
[+] Running 4/4
 ‚úî Container grema-nginx-1  Removed                                       0.4s
 ‚úî Container grema-app-1    Removed                                      10.2s
 ‚úî Container grema-db-1     Removed                                       0.3s
 ‚úî Network grema_default    Removed                                       0.2s
root@ubuntu:~/Grema# docker-compose up -d --build
WARN[0000] /root/Grema/docker-compose.yml: the attribute `version` is obsolete, it will be ignored, please remove it to avoid potential confusion
[+] Building 28.8s (15/15) FINISHED
 => [internal] load local bake definitions                                0.0s
 => => reading from stdin 459B                                            0.0s
 => [internal] load build definition from Dockerfile                      0.0s
 => => transferring dockerfile: 1.02kB                                    0.0s
 => [internal] load metadata for docker.io/library/node:20-alpine         0.8s
 => [internal] load .dockerignore                                         0.0s
 => => transferring context: 2B                                           0.0s
 => [1/8] FROM docker.io/library/node:20-alpine@sha256:df02558528d3d3d0d  0.0s
 => [internal] load build context                                         0.0s
 => => transferring context: 55.26kB                                      0.0s
 => CACHED [2/8] WORKDIR /app                                             0.0s
 => CACHED [3/8] COPY package*.json ./                                    0.0s
 => CACHED [4/8] RUN npm ci && npm cache clean --force                    0.0s
 => [5/8] COPY . .                                                        0.3s
 => [6/8] RUN npm run build &&     rm -rf public &&     mkdir -p public   7.4s
 => [7/8] RUN addgroup -g 1001 -S nodejs &&     adduser -S nodejs -u 100  0.4s
 => [8/8] RUN chown -R nodejs:nodejs /app                                15.9s
 => exporting to image                                                    3.9s
 => => exporting layers                                                   3.9s
 => => writing image sha256:cb885b377cf696e432efe03a8094a83a80c5d3a5269a  0.0s
 => => naming to docker.io/library/grema-app                              0.0s
 => resolving provenance for metadata file                                0.0s
[+] Running 5/5
 ‚úî grema-app                Built                                         0.0s
 ‚úî Network grema_default    Created                                       0.0s
 ‚úî Container grema-db-1     Healthy                                      30.7s
 ‚úî Container grema-app-1    Started                                      30.9s
 ‚úî Container grema-nginx-1  Started                                      31.2s
root@ubuntu:~/Grema# echo "üåê Testen Sie jetzt: http://212.227.103.141"
üåê Testen Sie jetzt: http://212.227.103.141
root@ubuntu:~/Grema#
